
Collecting usage statistics. To deactivate, set browser.gatherUsageStats to false.

2026-07-14 06:30:51.689 Uvicorn server started on :::3000

  You can now view your Streamlit app in your browser.

  Local URL: http://localhost:3000
  Network URL: http://192.168.0.2:3000
  External URL: http://34.134.215.5:3000

2026-07-14 06:31:34.306 The widget with key "cantidad_digitos_total" was created with a default value but also had its value set via the Session State API.
Stack (most recent call last):
  File "/home/jules/.pyenv/versions/3.12.13/lib/python3.12/threading.py", line 1032, in _bootstrap
    self._bootstrap_inner()
  File "/home/jules/.pyenv/versions/3.12.13/lib/python3.12/threading.py", line 1075, in _bootstrap_inner
    self.run()
  File "/home/jules/.pyenv/versions/3.12.13/lib/python3.12/threading.py", line 1012, in run
    self._target(*self._args, **self._kwargs)
  File "/home/jules/.pyenv/versions/3.12.13/lib/python3.12/site-packages/streamlit/runtime/scriptrunner/script_runner.py", line 418, in _run_script_thread
    self._run_script(request.rerun_data)
  File "/home/jules/.pyenv/versions/3.12.13/lib/python3.12/site-packages/streamlit/runtime/scriptrunner/script_runner.py", line 820, in _run_script
    ) = exec_func_with_error_handling(code_to_exec, ctx)
  File "/home/jules/.pyenv/versions/3.12.13/lib/python3.12/site-packages/streamlit/runtime/scriptrunner/exec_code.py", line 129, in exec_func_with_error_handling
    result = func()
  File "/home/jules/.pyenv/versions/3.12.13/lib/python3.12/site-packages/streamlit/runtime/scriptrunner/script_runner.py", line 795, in code_to_exec
    exec(code, module.__dict__)  # noqa: S102
  File "/app/app.py", line 76, in <module>
    st.number_input("Cantidad total de dígitos", min_value=1, value=st.session_state.cantidad_digitos_total, key="cantidad_digitos_total")
  File "/home/jules/.pyenv/versions/3.12.13/lib/python3.12/site-packages/streamlit/runtime/metrics_util.py", line 568, in wrapped_func
    result = non_optional_func(*args, **kwargs)
  File "/home/jules/.pyenv/versions/3.12.13/lib/python3.12/site-packages/streamlit/elements/widgets/number_input.py", line 468, in number_input
    return self._number_input(
  File "/home/jules/.pyenv/versions/3.12.13/lib/python3.12/site-packages/streamlit/elements/widgets/number_input.py", line 515, in _number_input
    check_widget_policies(
  File "/home/jules/.pyenv/versions/3.12.13/lib/python3.12/site-packages/streamlit/elements/lib/policies.py", line 143, in check_widget_policies
    check_session_state_rules(
  File "/home/jules/.pyenv/versions/3.12.13/lib/python3.12/site-packages/streamlit/elements/lib/policies.py", line 89, in check_session_state_rules
    _LOGGER.warning(
